
   1. 2016/10/26    $-10.00   one                                             

ending date: 2016/10/28 ending balance: (not set) cleared: $0.00

Ending Date (YYYY/MM/DD) [2016/10/28]: blurg
*** Invalid date
Ending Date (YYYY/MM/DD) [2016/10/28]: 
Ending Balance []: abc
*** Invalid number
Ending Balance []: 
