
   1. 2016/10/26    $-10.00   one                                             

ending date: 2016/10/27 ending balance: (not set) cleared: $0.00

Ending Date (YYYY/MM/DD) [2016/10/27]: blurg
*** Invalid date
Ending Date (YYYY/MM/DD) [2016/10/27]: 
Ending Balance []: abc
*** Invalid number
Ending Balance []: 
Ending Date (YYYY/MM/DD) [2016/10/27]: 2016/10/30
Ending Balance []: 40

   1. 2016/10/26    $-10.00   one                                             
   2. 2016/10/29    $-20.00   two                                             

ending date: 2016/10/30 ending balance: $40.00 cleared: $0.00
to zero: $40.00

Ending Date (YYYY/MM/DD) [2016/10/30]: 2016/10/30
Ending Balance [40.00]: $40
